[INFO] Scanning for projects...
[INFO] 
[INFO] ----------------------< com.example:pashuRakshak >----------------------
[INFO] Building pashuRakshak 0.0.1-SNAPSHOT
[INFO]   from pom.xml
[INFO] --------------------------------[ jar ]---------------------------------
[INFO] 
[INFO] --- resources:3.3.1:resources (default-resources) @ pashuRakshak ---
[INFO] Copying 1 resource from src\main\resources to target\classes
[INFO] Copying 0 resource from src\main\resources to target\classes
[INFO] 
[INFO] --- compiler:3.14.1:compile (default-compile) @ pashuRakshak ---
[INFO] Recompiling the module because of changed source code.
[INFO] Compiling 46 source files with javac [debug parameters release 17] to target\classes
[WARNING] /C:/Users/Pratik Bhopi/Desktop/Programming/Projects/pashuRakshak/backend/src/main/java/com/example/pashuRakshak/config/SecurityConfig.java:[98,40] frameOptions() in org.springframework.security.config.annotation.web.configurers.HeadersConfigurer has been deprecated and marked for removal
[INFO] /C:/Users/Pratik Bhopi/Desktop/Programming/Projects/pashuRakshak/backend/src/main/java/com/example/pashuRakshak/config/SecurityConfig.java: C:\Users\Pratik Bhopi\Desktop\Programming\Projects\pashuRakshak\backend\src\main\java\com\example\pashuRakshak\config\SecurityConfig.java uses or overrides a deprecated API.
[INFO] /C:/Users/Pratik Bhopi/Desktop/Programming/Projects/pashuRakshak/backend/src/main/java/com/example/pashuRakshak/config/SecurityConfig.java: Recompile with -Xlint:deprecation for details.
[INFO] /C:/Users/Pratik Bhopi/Desktop/Programming/Projects/pashuRakshak/backend/src/main/java/com/example/pashuRakshak/service/CloudinaryService.java: C:\Users\Pratik Bhopi\Desktop\Programming\Projects\pashuRakshak\backend\src\main\java\com\example\pashuRakshak\service\CloudinaryService.java uses unchecked or unsafe operations.
[INFO] /C:/Users/Pratik Bhopi/Desktop/Programming/Projects/pashuRakshak/backend/src/main/java/com/example/pashuRakshak/service/CloudinaryService.java: Recompile with -Xlint:unchecked for details.
[INFO] ------------------------------------------------------------------------
[INFO] BUILD SUCCESS
[INFO] ------------------------------------------------------------------------
[INFO] Total time:  2.627 s
[INFO] Finished at: 2025-12-05T20:37:13+05:30
[INFO] ------------------------------------------------------------------------
